*** Warning: The configured compiler version '5.06 update 7 (build 960)' does not support the selected User Based Licensing technology.
*** Using Compiler 'V5.06 update 7 (build 960)', folder: 'C:\Users\34118\AppData\Local\Keil_v5\ARM\ARMCC\Bin'
Build target 'sender'
assembling startup_stm32f103xb.s...
compiling dma.c...
compiling stm32f1xx_it.c...
compiling stm32f1xx_hal.c...
compiling i2c.c...
compiling adc.c...
compiling usart.c...
compiling gpio.c...
compiling spi.c...
compiling stm32f1xx_hal_gpio_ex.c...
compiling stm32f1xx_hal_msp.c...
compiling main.c...
compiling stm32f1xx_hal_rcc_ex.c...
compiling stm32f1xx_hal_gpio.c...
compiling stm32f1xx_hal_rcc.c...
compiling stm32f1xx_hal_adc_ex.c...
compiling stm32f1xx_hal_adc.c...
compiling app_menu.c...
compiling stm32f1xx_hal_dma.c...
compiling stm32f1xx_hal_cortex.c...
compiling stm32f1xx_hal_flash.c...
compiling stm32f1xx_hal_pwr.c...
compiling stm32f1xx_hal_flash_ex.c...
compiling stm32f1xx_hal_exti.c...
compiling srv_input.c...
compiling system_stm32f1xx.c...
compiling srv_link.c...
compiling srv_pc.c...
compiling srv_protocol.c...
compiling srv_imu_filter.c...
compiling bsp_joystick.c...
compiling bsp_key.c...
compiling bsp_switch.c...
compiling app_sender.c...
compiling srv_ring_buffer.c...
compiling bsp_imu.c...
compiling bsp_oled.c...
compiling stm32f1xx_hal_spi.c...
compiling stm32f1xx_hal_uart.c...
compiling stm32f1xx_hal_i2c.c...
compiling bsp_usart.c...
linking...
Program Size: Code=31606 RO-data=3814 RW-data=216 ZI-data=6752  
FromELF: creating hex file...
"sender\sender.axf" - 0 Error(s), 0 Warning(s).
Build Time Elapsed:  00:00:03
